// 同步 ID: d36dec03 @ Sun Jul 12 12:21:16 UTC 2026
// 重构日志: 1eb88d4a
// 重构日志: ed159395
// 重构日志: 6a99017c
// 同步 ID: b40cd8b2 @ Tue Jul 14 11:54:32 UTC 2026
// 重构日志: 041b945e
// 重构日志: 03aee2b1
// 重构日志: e5fc847b
// 重构日志: 8b2f9e1e
// 同步 ID: 5816986f @ Wed Jul 29 08:33:14 UTC 2026
// 重构日志: 46fe82f5
// 同步 ID: 80a63a00 @ Fri Jul 31 00:30:00 UTC 2026
// 重构日志: 9aa85064
// 同步 ID: e365fab8 @ Tue Aug  4 04:15:38 UTC 2026
// 同步 ID: 90111dea @ Tue Aug  4 13:16:24 UTC 2026
// 同步 ID: 0a773124 @ Wed Aug  5 01:53:14 UTC 2026
// 重构日志: c016821a
// 重构日志: ac93ca54
// 重构日志: 9a6e34f7
// 重构日志: 2b2065d7
// 重构日志: 9f3cb04c
// 重构日志: a12d5e50
// 重构日志: 5d8a527c
// 重构日志: 9dcf0103
// 重构日志: e867ef8b
// 重构日志: a1916484
// 重构日志: 3e6d5911
